---------------------------------------------------------------------------------------------------
IDL_TO_NL Report
---------------------------------------------------------------------------------------------------
Module Name         #Nodes         #PVs           #Buses         Summary                                           
===================================================================================================
SPI_Wrapper         -              -              -              Can not netlistTop Module. Abort Netlisting       
---------------------------------------------------------------------------------------------------
Total No. of GateLevel Modules:	1
---------------------------------------------------------------------------------------------------
No. of modules successfully elaborated:	0
---------------------------------------------------------------------------------------------------
In elaborated modules

Total 		Node Count:0	Peekvar Count:0	  BusCount:0	
---------------------------------------------------------------------------------------------------
