================================================================================
== Profile: REAL-TIME, CPU-freq = 0.00 GHz
                                                          Calls Real-Time  Parent 
                                                                   (secs) fraction

    <zixl_543IiP35>~_zixl                                                1 18225467137.0 (100.0%)
  zixl_z57-ZAiL~_zixl                                                    1 18225467137.0         
    zixl_iSe2-4IPr155~_zixl                                              1 1499678971.0 (  8.2%)
      zixl_tP42-1eAyPIA2iPL~_zixl                                        1 1090839795.0 ( 72.7%)
        zixl_tP42-ZAiL~_zixl                                             1 942434925.0 ( 86.4%)
          zixl_bgV-NIAL5eA2iPL~_zixl                                     1 179171011.0 ( 19.0%)
            zixl_V91rdrP41 [R]~_zixl                                    55 35698466.0 ( 19.9%)
            zixl_iSe2-2IAL5eA21-tePq~_zixl                               3 28692874.0 ( 16.0%)
              zixl_2IAL5eA2iLq~_zixl                                     3 26804763.0 ( 93.4%)
                zixl_2IAL5eA21-tePq~_zixl                                3 11849078.0 ( 44.2%)
                zixl_iSe2-rI1A21-32q~_zixl                               3  509129.0 (  1.9%)
                <zixl_I152>~_zixl                                          14446556.0 ( 53.9%)
              <zixl_I152>~_zixl                                            1888111.0 (  6.6%)
            <zixl_I152>~_zixl                                              114779671.0 ( 64.1%)
          zixl_eiL2-4I1-1eAy-rAeeyAr8~_zixl                             24 106762632.0 ( 11.3%)
            zixl_V91rdrP41 [E]~_zixl                                    13 9075344.0 (  8.5%)
            <zixl_I152>~_zixl                                              97687288.0 ( 91.5%)
          <zixl_I152>~_zixl                                                654040497.0 ( 69.4%)
        <zixl_I152>~_zixl                                                  148404870.0 ( 13.6%)
      zixl_bgV-I152PI1-UPI8-ZA44iLq~_zixl                                1 158594164.0 ( 10.6%)
      zixl_5At1-tP42-SA2A~_zixl                                          1 18749239.0 (  1.3%)
        zixl_iSe2-5At1~_zixl                                             1 18744633.0 (100.0%)
          zixl_42-5At1~_zixl                                             3 8040261.0 ( 42.9%)
          zixl_iSe2-32q-5At1~_zixl                                       1 5888759.0 ( 31.4%)
          zixl_4rSy-5At1-iL21IZ1SiA21~_zixl                              1 1654800.0 (  8.8%)
          <zixl_I152>~_zixl                                                3160813.0 ( 16.9%)
      <zixl_I152>~_zixl                                                    216152300.0 ( 14.4%)
      <zixl_58i441S>~_zixl                                                 15343473.0 (  1.0%)
    <zixl_I152>~_zixl                                                      16725767974.0 ( 91.8%)


================================================================================
== Profile: PEAK-MEMORY, CPU-freq = 0.00 GHz
                                                          Calls   Peak-Mb         
                                                                                  

